// Jest Snapshot v1, https://goo.gl/fbAQLP

exports[`NotOkPage should match the snapshot 1`] = `ShallowWrapper {}`;
